// Jest Snapshot v1, https://goo.gl/fbAQLP

exports[`tt 1`] = `
Object {
  "field2": "value",
  "field3": "value",
}
`;
