// Jest Snapshot v1, https://goo.gl/fbAQLP

exports[`notify match 1`] = `
Object {
  "plugin": Object {
    "dispose": [Function],
    "middleware": [Function],
  },
  "subscribe": [Function],
  "subscribers": Map {},
}
`;

exports[`plug snapshot 1`] = `
Object {
  "plugin": Object {
    "dispose": [Function],
    "middleware": [Function],
  },
  "subscribe": [Function],
  "subscribers": Map {},
}
`;

exports[`subscribe/unsubscribe 1`] = `
Object {
  "plugin": Object {
    "dispose": [Function],
    "middleware": [Function],
  },
  "subscribe": [Function],
  "subscribers": Map {},
}
`;
