// Jest Snapshot v1, https://goo.gl/fbAQLP

exports[`set/get vals 1`] = `
Object {
  "field": "value",
}
`;
