// Jest Snapshot v1, https://goo.gl/fbAQLP

exports[`should render <FormState> 1`] = `<DocumentFragment />`;
