// Jest Snapshot v1, https://goo.gl/fbAQLP

exports[`should render <FormButtons> 1`] = `<DocumentFragment />`;
