// Jest Snapshot v1, https://goo.gl/fbAQLP

exports[`A <Prompt> with no message renders 1`] = `<DocumentFragment />`;
