// Jest Snapshot v1, https://goo.gl/fbAQLP

exports[`DevTools renders 1`] = `
<DocumentFragment>
  <div>
    ok
  </div>
</DocumentFragment>
`;

exports[`Multiple DevTools renders 1`] = `
<DocumentFragment>
  <div>
    ok
  </div>
</DocumentFragment>
`;
