// Jest Snapshot v1, https://goo.gl/fbAQLP

exports[`Store renders 1`] = `<DocumentFragment />`;
