// Jest Snapshot v1, https://goo.gl/fbAQLP

exports[`notify match 1`] = `
Object {
  "listeners": Array [],
  "plugin": Object {
    "dispatch": [Function],
  },
  "subscribe": [Function],
}
`;

exports[`plug snapshot 1`] = `
Object {
  "listeners": Array [],
  "plugin": Object {
    "dispatch": [Function],
  },
  "subscribe": [Function],
}
`;

exports[`subscribe/unsubscribe 1`] = `
Object {
  "listeners": Array [],
  "plugin": Object {
    "dispatch": [Function],
  },
  "subscribe": [Function],
}
`;
