// Jest Snapshot v1, https://goo.gl/fbAQLP

exports[`merge() can merge dense array 1`] = `
Object {
  "2": undefined,
  "3": 2,
}
`;

exports[`merge() mutate merge strip 1`] = `
Object {
  "a": Array [
    Object {
      "a": 1,
      "b": 2,
    },
    [Function],
    undefined,
  ],
}
`;
